2026-01-22 23:51:06.733 [INFO] c.m.a.service.BankAccountService - Creating account for owner: John Doe
2026-01-22 23:51:06.739 [INFO] c.m.a.service.BankAccountService - Account ACC001 created successfully for John Doe
2026-01-22 23:51:06.741 [INFO] c.m.a.service.BankAccountService - Creating account for owner: Jane Smith
2026-01-22 23:51:06.741 [INFO] c.m.a.service.BankAccountService - Account ACC002 created successfully for Jane Smith
2026-01-22 23:51:06.742 [INFO] c.m.a.service.BankAccountService - Transfer request: ACC001 -> ACC002, amount: 3000.0
2026-01-22 23:51:06.744 [INFO] c.m.a.service.BankAccountService - Transfer successful: ACC001 -> ACC002, amount: 3000.0
2026-01-22 23:51:06.745 [INFO] c.m.a.service.BankAccountService - Transfer request: ACC001 -> ACC999, amount: 1000.0
2026-01-22 23:51:06.745 [WARN] c.m.a.service.BankAccountService - Transfer failed: destination account ACC999 not found
2026-01-22 23:51:06.746 [INFO] c.m.a.service.BankAccountService - Transfer request: ACC001 -> ACC002, amount: -500.0
2026-01-22 23:51:06.746 [WARN] c.m.a.service.BankAccountService - Transfer failed: invalid amount -500.0
2026-01-22 23:51:06.748 [INFO] c.m.a.service.BankAccountService - Transfer request: ACC001 -> ACC001, amount: 1000.0
2026-01-22 23:51:06.748 [WARN] c.m.a.service.BankAccountService - Transfer failed: same source and destination account ACC001
2026-01-22 23:51:06.749 [INFO] c.m.a.service.BankAccountService - Transfer request: ACC999 -> ACC002, amount: 1000.0
2026-01-22 23:51:06.749 [WARN] c.m.a.service.BankAccountService - Transfer failed: source account ACC999 not found
2026-01-22 23:51:06.750 [INFO] c.m.a.service.BankAccountService - Transfer request: ACC002 -> ACC001, amount: 50000.0
2026-01-22 23:51:06.750 [WARN] c.m.a.service.BankAccountService - Transfer failed: insufficient funds in account ACC002. Balance: 8000.0, Required: 50000.0
2026-01-22 23:51:06.752 [INFO] c.m.a.service.BankAccountService - Creating account for owner: Bob Johnson
2026-01-22 23:51:06.753 [WARN] c.m.a.service.BankAccountService - Account creation failed: account ACC001 already exists
2026-01-22 23:51:06.753 [INFO] c.m.a.service.BankAccountService - Creating account for owner: Alice Brown
2026-01-22 23:51:06.754 [WARN] c.m.a.service.BankAccountService - Account creation failed: account number is null or empty
2026-01-22 23:51:06.756 [INFO] c.m.a.service.BankAccountService - Creating account for owner: 
2026-01-22 23:51:06.756 [WARN] c.m.a.service.BankAccountService - Account creation failed:  owner name is null  or empty
2026-01-22 23:51:06.757 [INFO] c.m.a.service.BankAccountService - Creating account for owner: Charlie Wilson
2026-01-22 23:51:06.757 [WARN] c.m.a.service.BankAccountService - Account creation failed: invalid initial balance -1000.0 
