2026-01-20 17:23:54.586 [INFO] m4.activity6.BankAccount - Deposit requested: ₱5000.0
2026-01-20 17:23:54.591 [INFO] m4.activity6.BankAccount - Deposit completed: ₱5000.0, New balance: ₱15000.0
2026-01-20 17:23:54.593 [INFO] m4.activity6.BankAccount - Withdrawal requested: ₱3000.0
2026-01-20 17:23:54.593 [INFO] m4.activity6.BankAccount - Withdrawal completed: ₱3000.0, New balance: ₱12000.0
2026-01-20 17:23:54.593 [INFO] m4.activity6.BankAccount - Deposit requested: ₱-500.0
2026-01-20 17:23:54.593 [ERROR] m4.activity6.BankAccount - Invalid deposit amount: ₱-500.0
2026-01-20 17:23:54.594 [ERROR] m4.activity6.M4_Activity6 - Deposit failed: Deposit amount must be positive
2026-01-20 17:23:54.596 [INFO] m4.activity6.BankAccount - Withdrawal requested: ₱20000.0
2026-01-20 17:23:54.600 [WARN] m4.activity6.BankAccount - Insufficient funds: ₱12000.0 available
2026-01-20 17:23:54.601 [ERROR] m4.activity6.M4_Activity6 - Withdrawal failed: Insufficient funds for withdrawal
2026-01-20 17:23:54.602 [INFO] m4.activity6.BankAccount - Deposit requested: ₱60000.0
2026-01-20 17:23:54.604 [WARN] m4.activity6.BankAccount - Large deposit: ₱60000.0 - requires verification
2026-01-20 17:23:54.604 [INFO] m4.activity6.BankAccount - Deposit completed: ₱60000.0, New balance: ₱72000.0
2026-01-20 17:25:04.642 [INFO] m4.activity6.BankAccount - Deposit requested: ₱5000.0
2026-01-20 17:25:04.648 [INFO] m4.activity6.BankAccount - Deposit completed: ₱5000.0, New balance: ₱15000.0
2026-01-20 17:25:04.649 [INFO] m4.activity6.BankAccount - Withdrawal requested: ₱3000.0
2026-01-20 17:25:04.649 [INFO] m4.activity6.BankAccount - Withdrawal completed: ₱3000.0, New balance: ₱12000.0
2026-01-20 17:25:04.649 [INFO] m4.activity6.BankAccount - Deposit requested: ₱-500.0
2026-01-20 17:25:04.649 [ERROR] m4.activity6.BankAccount - Invalid deposit amount: ₱-500.0
2026-01-20 17:25:04.649 [ERROR] m4.activity6.M4_Activity6 - Deposit failed: Deposit amount must be positive
2026-01-20 17:25:04.651 [INFO] m4.activity6.BankAccount - Withdrawal requested: ₱20000.0
2026-01-20 17:25:04.651 [WARN] m4.activity6.BankAccount - Insufficient funds: ₱12000.0 available
2026-01-20 17:25:04.651 [ERROR] m4.activity6.M4_Activity6 - Withdrawal failed: Insufficient funds for withdrawal
2026-01-20 17:25:04.651 [INFO] m4.activity6.BankAccount - Deposit requested: ₱60000.0
2026-01-20 17:25:04.652 [WARN] m4.activity6.BankAccount - Large deposit: ₱60000.0 - requires verification
2026-01-20 17:25:04.652 [INFO] m4.activity6.BankAccount - Deposit completed: ₱60000.0, New balance: ₱72000.0
